// Jest Snapshot v1, https://goo.gl/fbAQLP

exports[`Tab component renders Tab 1`] = `
<li>
  <input
    name="tabs"
    onClick={[Function]}
    type="radio"
    value="1"
  />
  <label
    htmlFor="1"
  >
     TAB 
    1
     
  </label>
  <br />
  <button
    onClick={[Function]}
    value="1"
  >
    X
  </button>
</li>
`;
